[0m[38;5;245mrunning 4 tests from ./test/finance/simulateRentVsBuy.test.ts[0m
documentation example: simulateRentVsBuy should run without errors ... [0m[32mok[0m [0m[38;5;245m(3ms)[0m
simulateRentVsBuy: should apply floor rate to mortgage interest ... [0m[32mok[0m [0m[38;5;245m(3ms)[0m
should compute the total expenses and savings of a renter and buyer in Montreal ...
  mortgage rates fixed buyer ... [0m[32mok[0m [0m[38;5;245m(1ms)[0m
  mortgage rates variable buyer ... [0m[32mok[0m [0m[38;5;245m(0ms)[0m
  first month expenses ... [0m[32mok[0m [0m[38;5;245m(0ms)[0m
  first month expenses total per category ... [0m[32mok[0m [0m[38;5;245m(0ms)[0m
  second month expenses ... [0m[31mFAILED[0m [0m[38;5;245m(2ms)[0m
  second month expenses total per category ... [0m[32mok[0m [0m[38;5;245m(0ms)[0m
  cumulative expenses last month total ... [0m[32mok[0m [0m[38;5;245m(0ms)[0m
  cumulative expenses last month total per category ... [0m[32mok[0m [0m[38;5;245m(0ms)[0m
  cumulative expenses second month ... [0m[32mok[0m [0m[38;5;245m(0ms)[0m
  first month gains ... [0m[32mok[0m [0m[38;5;245m(0ms)[0m
  second month gains ... [0m[32mok[0m [0m[38;5;245m(0ms)[0m
  second month gains total per category ... [0m[32mok[0m [0m[38;5;245m(0ms)[0m
  cumulative gains last month ... [0m[32mok[0m [0m[38;5;245m(0ms)[0m
  cumulative gains last month total per category ... [0m[32mok[0m [0m[38;5;245m(0ms)[0m
  No new stocks after 2009 (buyerFixed) ... [0m[32mok[0m [0m[38;5;245m(0ms)[0m
  No new stocks after 2009 (buyerVariable) ... [0m[32mok[0m [0m[38;5;245m(0ms)[0m
  Almost no new stocks after 2009 (renter) ... [0m[32mok[0m [0m[38;5;245m(0ms)[0m
  assets last month ... [0m[32mok[0m [0m[38;5;245m(0ms)[0m
  assets last month total per category ... [0m[32mok[0m [0m[38;5;245m(0ms)[0m
  sale costs last month ... [0m[32mok[0m [0m[38;5;245m(0ms)[0m
  sale costs last month total per category ... [0m[32mok[0m [0m[38;5;245m(0ms)[0m
  sale net gains last month ... [0m[32mok[0m [0m[38;5;245m(0ms)[0m
  sale net gains last month total per category ... [0m[32mok[0m [0m[38;5;245m(0ms)[0m
  home values last month ... [0m[32mok[0m [0m[38;5;245m(0ms)[0m
  overall balance after selling last month ... [0m[32mok[0m [0m[38;5;245m(0ms)[0m
  the final balance only option should work ... [0m[32mok[0m [0m[38;5;245m(0ms)[0m
should compute the total expenses and savings of a renter and buyer in Montreal ... [0m[31mFAILED[0m (due to 1 failed step) [0m[38;5;245m(29ms)[0m
should compute the total expenses and savings of a renter and buyer in Montreal with the couple option ...
  comparing default and couple ... [0m[32mok[0m [0m[38;5;245m(0ms)[0m
should compute the total expenses and savings of a renter and buyer in Montreal with the couple option ... [0m[32mok[0m [0m[38;5;245m(19ms)[0m

[0m[1m[37m[41m ERRORS [0m

should compute the total expenses and savings of a renter and buyer in Montreal ... second month expenses [0m[38;5;245m=> ./test/finance/simulateRentVsBuy.test.ts:732:11[0m
[0m[1m[31merror[0m: AssertionError: Values are not equal.


    [90m[1m[Diff][22m[39m [31m[1mActual[22m[39m / [32m[1mExpected[22m[39m


[37m    [[39m
[37m      {[39m
[37m        amount: 509,[39m
[37m        category: "renter",[39m
[37m        date: "2001-02-01T00:00:00.000Z",[39m
[37m        group: "monthlyExpenses",[39m
[37m        month: 1,[39m
[37m        monthIndex: 1,[39m
[37m        variable: "rent",[39m
[37m        year: 2001,[39m
[37m      },[39m
[37m      {[39m
[37m        amount: 53.39,[39m
[37m        category: "renter",[39m
[37m        date: "2001-02-01T00:00:00.000Z",[39m
[37m        group: "monthlyExpenses",[39m
[37m        month: 1,[39m
[37m        monthIndex: 1,[39m
[37m        variable: "insurance",[39m
[37m        year: 2001,[39m
[37m      },[39m
[37m      {[39m
[37m        amount: 144.51,[39m
[37m        category: "buyerFixed",[39m
[37m        date: "2001-02-01T00:00:00.000Z",[39m
[37m        effectiveInterestRate: 0.0604,[39m
[37m        fixedRateAdjustment: -0.0191,[39m
[37m        group: "monthlyExpenses",[39m
[37m        month: 1,[39m
[37m        monthIndex: 1,[39m
[37m        postedInterestRate: 0.0795,[39m
[37m        variable: "mortgageCapital",[39m
[37m        variableRateAdjustment: 0,[39m
[37m        year: 2001,[39m
[37m      },[39m
[37m      {[39m
[37m        amount: 492.03,[39m
[37m        category: "buyerFixed",[39m
[37m        date: "2001-02-01T00:00:00.000Z",[39m
[37m        effectiveInterestRate: 0.0604,[39m
[37m        fixedRateAdjustment: -0.0191,[39m
[37m        group: "monthlyExpenses",[39m
[37m        month: 1,[39m
[37m        monthIndex: 1,[39m
[37m        postedInterestRate: 0.0795,[39m
[37m        variable: "mortgageInterests",[39m
[37m        variableRateAdjustment: 0,[39m
[37m        year: 2001,[39m
[37m      },[39m
[37m      {[39m
[37m        amount: 46.56,[39m
[37m        category: "buyerFixed",[39m
[37m        date: "2001-02-01T00:00:00.000Z",[39m
[37m        group: "monthlyExpenses",[39m
[37m        month: 1,[39m
[37m        monthIndex: 1,[39m
[37m        variable: "insurance",[39m
[37m        year: 2001,[39m
[37m      },[39m
[37m      {[39m
[37m        amount: 53.06,[39m
[37m        category: "buyerFixed",[39m
[37m        date: "2001-02-01T00:00:00.000Z",[39m
[37m        group: "monthlyExpenses",[39m
[37m        month: 1,[39m
[37m        monthIndex: 1,[39m
[37m        variable: "maintenance",[39m
[37m        year: 2001,[39m
[37m      },[39m
[37m      {[39m
[37m        amount: 157,[39m
[37m        category: "buyerFixed",[39m
[37m        date: "2001-02-01T00:00:00.000Z",[39m
[37m        group: "monthlyExpenses",[39m
[37m        month: 1,[39m
[37m        monthIndex: 1,[39m
[37m        variable: "propertyTax",[39m
[37m        year: 2001,[39m
[37m      },[39m
[37m      {[39m
[37m        amount: 125.14,[39m
[37m        category: "buyerFixed",[39m
[37m        date: "2001-02-01T00:00:00.000Z",[39m
[37m        group: "monthlyExpenses",[39m
[37m        month: 1,[39m
[37m        monthIndex: 1,[39m
[37m        variable: "condoFees",[39m
[37m        year: 2001,[39m
[37m      },[39m
[37m      {[39m
[37m        amount: 140.82,[39m
[37m        category: "buyerVariable",[39m
[37m        date: "2001-02-01T00:00:00.000Z",[39m
[37m        effectiveInterestRate: 0.069,[39m
[37m        fixedRateAdjustment: 0,[39m
[37m        group: "monthlyExpenses",[39m
[37m        month: 1,[39m
[37m        monthIndex: 1,[39m
[31m[1m-       postedInterestRate: 0.0725,[22m[39m
[32m[1m+       postedInterestRate: 0.075,[22m[39m
[37m        variable: "mortgageCapital",[39m
[37m        variableRateAdjustment: -0.0035,[39m
[37m        year: 2001,[39m
[37m      },[39m
[37m      {[39m
[37m        amount: 569.26,[39m
[37m        category: "buyerVariable",[39m
[37m        date: "2001-02-01T00:00:00.000Z",[39m
[37m        effectiveInterestRate: 0.069,[39m
[37m        fixedRateAdjustment: 0,[39m
[37m        group: "monthlyExpenses",[39m
[37m        month: 1,[39m
[37m        monthIndex: 1,[39m
[31m[1m-       postedInterestRate: 0.0725,[22m[39m
[32m[1m+       postedInterestRate: 0.075,[22m[39m
[37m        variable: "mortgageInterests",[39m
[37m        variableRateAdjustment: -0.0035,[39m
[37m        year: 2001,[39m
[37m      },[39m
[37m      {[39m
[37m        amount: 46.56,[39m
[37m        category: "buyerVariable",[39m
[37m        date: "2001-02-01T00:00:00.000Z",[39m
[37m        group: "monthlyExpenses",[39m
[37m        month: 1,[39m
[37m        monthIndex: 1,[39m
[37m        variable: "insurance",[39m
[37m        year: 2001,[39m
[37m      },[39m
[37m      {[39m
[37m        amount: 53.06,[39m
[37m        category: "buyerVariable",[39m
[37m        date: "2001-02-01T00:00:00.000Z",[39m
[37m        group: "monthlyExpenses",[39m
[37m        month: 1,[39m
[37m        monthIndex: 1,[39m
[37m        variable: "maintenance",[39m
[37m        year: 2001,[39m
[37m      },[39m
[37m      {[39m
[37m        amount: 157,[39m
[37m        category: "buyerVariable",[39m
[37m        date: "2001-02-01T00:00:00.000Z",[39m
[37m        group: "monthlyExpenses",[39m
[37m        month: 1,[39m
[37m        monthIndex: 1,[39m
[37m        variable: "propertyTax",[39m
[37m        year: 2001,[39m
[37m      },[39m
[37m      {[39m
[37m        amount: 125.14,[39m
[37m        category: "buyerVariable",[39m
[37m        date: "2001-02-01T00:00:00.000Z",[39m
[37m        group: "monthlyExpenses",[39m
[37m        month: 1,[39m
[37m        monthIndex: 1,[39m
[37m        variable: "condoFees",[39m
[37m        year: 2001,[39m
[37m      },[39m
[37m    ][39m

  throw new AssertionError(message);
[0m[31m        ^[0m
    at [0m[1m[3massertEquals[0m ([0m[36mhttps://jsr.io/@std/assert/1.0.16/equals.ts[0m:[0m[33m65[0m:[0m[33m9[0m)
    at [0m[2m[38;5;245mfile:///Users/nael/Code/open-source/journalism-finance/[0m[0m[36mtest/finance/simulateRentVsBuy.test.ts[0m:[0m[33m733[0m:[0m[33m5[0m
    [0m[2m[38;5;245mat [0m[0m[2m[38;5;245minnerWrapped[0m[0m[2m[38;5;245m ([0m[0m[2m[38;5;245mext:cli/40_test.js[0m[0m[2m[38;5;245m:[0m[0m[2m[38;5;245m230[0m[0m[2m[38;5;245m:[0m[0m[2m[38;5;245m11[0m[0m[2m[38;5;245m)[0m
    [0m[2m[38;5;245mat [0m[0m[2m[38;5;245mexitSanitizer[0m[0m[2m[38;5;245m ([0m[0m[2m[38;5;245mext:cli/40_test.js[0m[0m[2m[38;5;245m:[0m[0m[2m[38;5;245m146[0m[0m[2m[38;5;245m:[0m[0m[2m[38;5;245m33[0m[0m[2m[38;5;245m)[0m
    [0m[2m[38;5;245mat [0m[0m[2m[38;5;245mObject.outerWrapped [as fn][0m[0m[2m[38;5;245m ([0m[0m[2m[38;5;245mext:cli/40_test.js[0m[0m[2m[38;5;245m:[0m[0m[2m[38;5;245m173[0m[0m[2m[38;5;245m:[0m[0m[2m[38;5;245m20[0m[0m[2m[38;5;245m)[0m
    [0m[2m[38;5;245mat [0m[0m[2m[38;5;245mTestContext.step[0m[0m[2m[38;5;245m ([0m[0m[2m[38;5;245mext:cli/40_test.js[0m[0m[2m[38;5;245m:[0m[0m[2m[38;5;245m564[0m[0m[2m[38;5;245m:[0m[0m[2m[38;5;245m37[0m[0m[2m[38;5;245m)[0m
    at [0m[2m[38;5;245mfile:///Users/nael/Code/open-source/journalism-finance/[0m[0m[36mtest/finance/simulateRentVsBuy.test.ts[0m:[0m[33m732[0m:[0m[33m11[0m

[0m[1m[37m[41m FAILURES [0m

should compute the total expenses and savings of a renter and buyer in Montreal ... second month expenses [0m[38;5;245m=> ./test/finance/simulateRentVsBuy.test.ts:732:11[0m

[0m[31mFAILED[0m | 3 passed (26 steps) | 1 failed (1 step) [0m[38;5;245m(59ms)[0m

[0m[1m[31merror[0m: Test failed
